// Jest Snapshot v1, https://goo.gl/fbAQLP

exports[`Language Picker component render 1`] = `
<View
  style={
    [
      {
        "width": "100%",
      },
      {
        "zIndex": 5000,
      },
      {},
    ]
  }
>
  <View
    accessibilityState={
      {
        "busy": undefined,
        "checked": undefined,
        "disabled": false,
        "expanded": undefined,
        "selected": undefined,
      }
    }
    accessibilityValue={
      {
        "max": undefined,
        "min": undefined,
        "now": undefined,
        "text": undefined,
      }
    }
    accessible={true}
    collapsable={false}
    focusable={true}
    onClick={[Function]}
    onLayout={[Function]}
    onResponderGrant={[Function]}
    onResponderMove={[Function]}
    onResponderRelease={[Function]}
    onResponderTerminate={[Function]}
    onResponderTerminationRequest={[Function]}
    onStartShouldSetResponder={[Function]}
    style={
      {
        "alignItems": "center",
        "backgroundColor": "#fff",
        "borderColor": "#000",
        "borderRadius": 25,
        "borderWidth": 1,
        "flexDirection": "row",
        "justifyContent": "space-between",
        "minHeight": 50,
        "opacity": 1,
        "paddingHorizontal": 10,
        "paddingVertical": 3,
        "textAlign": "left",
        "width": 100,
        "zIndex": 5000,
      }
    }
    testID="picker"
  >
    <Text
      style={
        [
          {
            "color": "#000",
            "flex": 1,
          },
          {},
          {},
          false,
        ]
      }
    >
      English
    </Text>
    <View
      style={
        [
          {
            "marginLeft": 10,
          },
          {},
        ]
      }
    >
      <Image
        source={
          {
            "testUri": "../../react-native-dropdown-picker/src/themes/light/icons/arrow-down.png",
          }
        }
        style={
          [
            {
              "height": 20,
              "width": 20,
            },
            {},
          ]
        }
      />
    </View>
  </View>
</View>
`;
